<?xml version="1.0" encoding="utf-16"?><experiment><epochGroup label="label" identifier="a5839fe9-90ef-4e39-bf26-8f75048306f3" startTime="8/22/2011 5:12:00 PM +00:00" timeZoneUTCOffsetHours="-6" source="source"><keywords /><properties /><epoch protocolID="LowGainSimulation" UUID="a5839fe9-90ef-4e39-bf26-8f75048306a3" startTime="10/5/2011 4:21:31 PM -04:00"><background><Device1><backgroundMeasurement><measurement qty="0" unit="V" /></backgroundMeasurement><sampleRate><measurement qty="5" unit="Hz" /></sampleRate></Device1><Device0><backgroundMeasurement><measurement qty="0" unit="V" /></backgroundMeasurement><sampleRate><measurement qty="5" unit="Hz" /></sampleRate></Device0></background><protocolParameters><key1>value1</key1></protocolParameters><keywords /><stimuli><stimulus device="Device0" stimulusID="RenderedStimulus"><parameters /></stimulus><stimulus device="Device1" stimulusID="RenderedStimulus"><parameters /></stimulus></stimuli><responses><response device="Device0"><inputTime>10/5/2011 8:21:31 PM +00:00</inputTime><sampleRate><measurement qty="5" unit="Hz" /></sampleRate><nodeConfigurationSpans><nodeConfigurationSpan startTimeSeconds="0" timeSpanSeconds="0.6"><SimulationController><Clock>Clock</Clock></SimulationController><STREAM><MeasurementConversionTarget>V</MeasurementConversionTarget><Clock>Clock</Clock></STREAM><EXTERNAL_DEVICE><MeasurementConversionTarget>V</MeasurementConversionTarget><Clock>Clock</Clock></EXTERNAL_DEVICE></nodeConfigurationSpan><nodeConfigurationSpan startTimeSeconds="0.6" timeSpanSeconds="0.6"><SimulationController><Clock>Clock</Clock></SimulationController><STREAM><MeasurementConversionTarget>V</MeasurementConversionTarget><Clock>Clock</Clock></STREAM><EXTERNAL_DEVICE><MeasurementConversionTarget>V</MeasurementConversionTarget><Clock>Clock</Clock></EXTERNAL_DEVICE></nodeConfigurationSpan><nodeConfigurationSpan startTimeSeconds="1.2" timeSpanSeconds="0.6"><SimulationController><Clock>Clock</Clock></SimulationController><STREAM><MeasurementConversionTarget>V</MeasurementConversionTarget><Clock>Clock</Clock></STREAM><EXTERNAL_DEVICE><MeasurementConversionTarget>V</MeasurementConversionTarget><Clock>Clock</Clock></EXTERNAL_DEVICE></nodeConfigurationSpan><nodeConfigurationSpan startTimeSeconds="1.8" timeSpanSeconds="0.6"><SimulationController><Clock>Clock</Clock></SimulationController><STREAM><MeasurementConversionTarget>V</MeasurementConversionTarget><Clock>Clock</Clock></STREAM><EXTERNAL_DEVICE><MeasurementConversionTarget>V</MeasurementConversionTarget><Clock>Clock</Clock></EXTERNAL_DEVICE></nodeConfigurationSpan><nodeConfigurationSpan startTimeSeconds="2.4" timeSpanSeconds="0.6"><SimulationController><Clock>Clock</Clock></SimulationController><STREAM><MeasurementConversionTarget>V</MeasurementConversionTarget><Clock>Clock</Clock></STREAM><EXTERNAL_DEVICE><MeasurementConversionTarget>V</MeasurementConversionTarget><Clock>Clock</Clock></EXTERNAL_DEVICE></nodeConfigurationSpan><nodeConfigurationSpan startTimeSeconds="3" timeSpanSeconds="0.6"><SimulationController><Clock>Clock</Clock></SimulationController><STREAM><MeasurementConversionTarget>V</MeasurementConversionTarget><Clock>Clock</Clock></STREAM><EXTERNAL_DEVICE><MeasurementConversionTarget>V</MeasurementConversionTarget><Clock>Clock</Clock></EXTERNAL_DEVICE></nodeConfigurationSpan><nodeConfigurationSpan startTimeSeconds="3.6" timeSpanSeconds="0.6"><SimulationController><Clock>Clock</Clock></SimulationController><STREAM><MeasurementConversionTarget>V</MeasurementConversionTarget><Clock>Clock</Clock></STREAM><EXTERNAL_DEVICE><MeasurementConversionTarget>V</MeasurementConversionTarget><Clock>Clock</Clock></EXTERNAL_DEVICE></nodeConfigurationSpan><nodeConfigurationSpan startTimeSeconds="4.2" timeSpanSeconds="0.6"><SimulationController><Clock>Clock</Clock></SimulationController><STREAM><MeasurementConversionTarget>V</MeasurementConversionTarget><Clock>Clock</Clock></STREAM><EXTERNAL_DEVICE><MeasurementConversionTarget>V</MeasurementConversionTarget><Clock>Clock</Clock></EXTERNAL_DEVICE></nodeConfigurationSpan><nodeConfigurationSpan startTimeSeconds="4.8" timeSpanSeconds="0.6"><SimulationController><Clock>Clock</Clock></SimulationController><STREAM><MeasurementConversionTarget>V</MeasurementConversionTarget><Clock>Clock</Clock></STREAM><EXTERNAL_DEVICE><MeasurementConversionTarget>V</MeasurementConversionTarget><Clock>Clock</Clock></EXTERNAL_DEVICE></nodeConfigurationSpan><nodeConfigurationSpan startTimeSeconds="5.4" timeSpanSeconds="0.6"><SimulationController><Clock>Clock</Clock></SimulationController><STREAM><MeasurementConversionTarget>V</MeasurementConversionTarget><Clock>Clock</Clock></STREAM><EXTERNAL_DEVICE><MeasurementConversionTarget>V</MeasurementConversionTarget><Clock>Clock</Clock></EXTERNAL_DEVICE></nodeConfigurationSpan><nodeConfigurationSpan startTimeSeconds="6" timeSpanSeconds="0.6"><SimulationController><Clock>Clock</Clock></SimulationController><STREAM><MeasurementConversionTarget>V</MeasurementConversionTarget><Clock>Clock</Clock></STREAM><EXTERNAL_DEVICE><MeasurementConversionTarget>V</MeasurementConversionTarget><Clock>Clock</Clock></EXTERNAL_DEVICE></nodeConfigurationSpan><nodeConfigurationSpan startTimeSeconds="6.6" timeSpanSeconds="0.6"><SimulationController><Clock>Clock</Clock></SimulationController><STREAM><MeasurementConversionTarget>V</MeasurementConversionTarget><Clock>Clock</Clock></STREAM><EXTERNAL_DEVICE><MeasurementConversionTarget>V</MeasurementConversionTarget><Clock>Clock</Clock></EXTERNAL_DEVICE></nodeConfigurationSpan><nodeConfigurationSpan startTimeSeconds="7.2" timeSpanSeconds="0.6"><SimulationController><Clock>Clock</Clock></SimulationController><STREAM><MeasurementConversionTarget>V</MeasurementConversionTarget><Clock>Clock</Clock></STREAM><EXTERNAL_DEVICE><MeasurementConversionTarget>V</MeasurementConversionTarget><Clock>Clock</Clock></EXTERNAL_DEVICE></nodeConfigurationSpan><nodeConfigurationSpan startTimeSeconds="7.8" timeSpanSeconds="0.6"><SimulationController><Clock>Clock</Clock></SimulationController><STREAM><MeasurementConversionTarget>V</MeasurementConversionTarget><Clock>Clock</Clock></STREAM><EXTERNAL_DEVICE><MeasurementConversionTarget>V</MeasurementConversionTarget><Clock>Clock</Clock></EXTERNAL_DEVICE></nodeConfigurationSpan><nodeConfigurationSpan startTimeSeconds="8.4" timeSpanSeconds="0.6"><SimulationController><Clock>Clock</Clock></SimulationController><STREAM><MeasurementConversionTarget>V</MeasurementConversionTarget><Clock>Clock</Clock></STREAM><EXTERNAL_DEVICE><MeasurementConversionTarget>V</MeasurementConversionTarget><Clock>Clock</Clock></EXTERNAL_DEVICE></nodeConfigurationSpan><nodeConfigurationSpan startTimeSeconds="9" timeSpanSeconds="0.6"><SimulationController><Clock>Clock</Clock></SimulationController><STREAM><MeasurementConversionTarget>V</MeasurementConversionTarget><Clock>Clock</Clock></STREAM><EXTERNAL_DEVICE><MeasurementConversionTarget>V</MeasurementConversionTarget><Clock>Clock</Clock></EXTERNAL_DEVICE></nodeConfigurationSpan><nodeConfigurationSpan startTimeSeconds="9.6" timeSpanSeconds="0.4"><SimulationController><Clock>Clock</Clock></SimulationController><STREAM><MeasurementConversionTarget>V</MeasurementConversionTarget><Clock>Clock</Clock></STREAM><EXTERNAL_DEVICE><MeasurementConversionTarget>V</MeasurementConversionTarget><Clock>Clock</Clock></EXTERNAL_DEVICE></nodeConfigurationSpan></nodeConfigurationSpans><data><measurement qty="0" unit="V" /><measurement qty="1" unit="V" /><measurement qty="2" unit="V" /><measurement qty="3" unit="V" /><measurement qty="4" unit="V" /><measurement qty="5" unit="V" /><measurement qty="6" unit="V" /><measurement qty="7" unit="V" /><measurement qty="8" unit="V" /><measurement qty="9" unit="V" /><measurement qty="10" unit="V" /><measurement qty="11" unit="V" /><measurement qty="12" unit="V" /><measurement qty="13" unit="V" /><measurement qty="14" unit="V" /><measurement qty="15" unit="V" /><measurement qty="16" unit="V" /><measurement qty="17" unit="V" /><measurement qty="18" unit="V" /><measurement qty="19" unit="V" /><measurement qty="20" unit="V" /><measurement qty="21" unit="V" /><measurement qty="22" unit="V" /><measurement qty="23" unit="V" /><measurement qty="24" unit="V" /><measurement qty="25" unit="V" /><measurement qty="26" unit="V" /><measurement qty="27" unit="V" /><measurement qty="28" unit="V" /><measurement qty="29" unit="V" /><measurement qty="30" unit="V" /><measurement qty="31" unit="V" /><measurement qty="32" unit="V" /><measurement qty="33" unit="V" /><measurement qty="34" unit="V" /><measurement qty="35" unit="V" /><measurement qty="36" unit="V" /><measurement qty="37" unit="V" /><measurement qty="38" unit="V" /><measurement qty="39" unit="V" /><measurement qty="40" unit="V" /><measurement qty="41" unit="V" /><measurement qty="42" unit="V" /><measurement qty="43" unit="V" /><measurement qty="44" unit="V" /><measurement qty="45" unit="V" /><measurement qty="46" unit="V" /><measurement qty="47" unit="V" /><measurement qty="48" unit="V" /><measurement qty="49" unit="V" /></data></response><response device="Device1"><inputTime>10/5/2011 8:21:31 PM +00:00</inputTime><sampleRate><measurement qty="5" unit="Hz" /></sampleRate><nodeConfigurationSpans><nodeConfigurationSpan startTimeSeconds="0" timeSpanSeconds="0.6"><SimulationController><Clock>Clock</Clock></SimulationController><STREAM><MeasurementConversionTarget>V</MeasurementConversionTarget><Clock>Clock</Clock></STREAM><EXTERNAL_DEVICE><MeasurementConversionTarget>V</MeasurementConversionTarget><Clock>Clock</Clock></EXTERNAL_DEVICE></nodeConfigurationSpan><nodeConfigurationSpan startTimeSeconds="0.6" timeSpanSeconds="0.6"><SimulationController><Clock>Clock</Clock></SimulationController><STREAM><MeasurementConversionTarget>V</MeasurementConversionTarget><Clock>Clock</Clock></STREAM><EXTERNAL_DEVICE><MeasurementConversionTarget>V</MeasurementConversionTarget><Clock>Clock</Clock></EXTERNAL_DEVICE></nodeConfigurationSpan><nodeConfigurationSpan startTimeSeconds="1.2" timeSpanSeconds="0.6"><SimulationController><Clock>Clock</Clock></SimulationController><STREAM><MeasurementConversionTarget>V</MeasurementConversionTarget><Clock>Clock</Clock></STREAM><EXTERNAL_DEVICE><MeasurementConversionTarget>V</MeasurementConversionTarget><Clock>Clock</Clock></EXTERNAL_DEVICE></nodeConfigurationSpan><nodeConfigurationSpan startTimeSeconds="1.8" timeSpanSeconds="0.6"><SimulationController><Clock>Clock</Clock></SimulationController><STREAM><MeasurementConversionTarget>V</MeasurementConversionTarget><Clock>Clock</Clock></STREAM><EXTERNAL_DEVICE><MeasurementConversionTarget>V</MeasurementConversionTarget><Clock>Clock</Clock></EXTERNAL_DEVICE></nodeConfigurationSpan><nodeConfigurationSpan startTimeSeconds="2.4" timeSpanSeconds="0.6"><SimulationController><Clock>Clock</Clock></SimulationController><STREAM><MeasurementConversionTarget>V</MeasurementConversionTarget><Clock>Clock</Clock></STREAM><EXTERNAL_DEVICE><MeasurementConversionTarget>V</MeasurementConversionTarget><Clock>Clock</Clock></EXTERNAL_DEVICE></nodeConfigurationSpan><nodeConfigurationSpan startTimeSeconds="3" timeSpanSeconds="0.6"><SimulationController><Clock>Clock</Clock></SimulationController><STREAM><MeasurementConversionTarget>V</MeasurementConversionTarget><Clock>Clock</Clock></STREAM><EXTERNAL_DEVICE><MeasurementConversionTarget>V</MeasurementConversionTarget><Clock>Clock</Clock></EXTERNAL_DEVICE></nodeConfigurationSpan><nodeConfigurationSpan startTimeSeconds="3.6" timeSpanSeconds="0.6"><SimulationController><Clock>Clock</Clock></SimulationController><STREAM><MeasurementConversionTarget>V</MeasurementConversionTarget><Clock>Clock</Clock></STREAM><EXTERNAL_DEVICE><MeasurementConversionTarget>V</MeasurementConversionTarget><Clock>Clock</Clock></EXTERNAL_DEVICE></nodeConfigurationSpan><nodeConfigurationSpan startTimeSeconds="4.2" timeSpanSeconds="0.6"><SimulationController><Clock>Clock</Clock></SimulationController><STREAM><MeasurementConversionTarget>V</MeasurementConversionTarget><Clock>Clock</Clock></STREAM><EXTERNAL_DEVICE><MeasurementConversionTarget>V</MeasurementConversionTarget><Clock>Clock</Clock></EXTERNAL_DEVICE></nodeConfigurationSpan><nodeConfigurationSpan startTimeSeconds="4.8" timeSpanSeconds="0.6"><SimulationController><Clock>Clock</Clock></SimulationController><STREAM><MeasurementConversionTarget>V</MeasurementConversionTarget><Clock>Clock</Clock></STREAM><EXTERNAL_DEVICE><MeasurementConversionTarget>V</MeasurementConversionTarget><Clock>Clock</Clock></EXTERNAL_DEVICE></nodeConfigurationSpan><nodeConfigurationSpan startTimeSeconds="5.4" timeSpanSeconds="0.6"><SimulationController><Clock>Clock</Clock></SimulationController><STREAM><MeasurementConversionTarget>V</MeasurementConversionTarget><Clock>Clock</Clock></STREAM><EXTERNAL_DEVICE><MeasurementConversionTarget>V</MeasurementConversionTarget><Clock>Clock</Clock></EXTERNAL_DEVICE></nodeConfigurationSpan><nodeConfigurationSpan startTimeSeconds="6" timeSpanSeconds="0.6"><SimulationController><Clock>Clock</Clock></SimulationController><STREAM><MeasurementConversionTarget>V</MeasurementConversionTarget><Clock>Clock</Clock></STREAM><EXTERNAL_DEVICE><MeasurementConversionTarget>V</MeasurementConversionTarget><Clock>Clock</Clock></EXTERNAL_DEVICE></nodeConfigurationSpan><nodeConfigurationSpan startTimeSeconds="6.6" timeSpanSeconds="0.6"><SimulationController><Clock>Clock</Clock></SimulationController><STREAM><MeasurementConversionTarget>V</MeasurementConversionTarget><Clock>Clock</Clock></STREAM><EXTERNAL_DEVICE><MeasurementConversionTarget>V</MeasurementConversionTarget><Clock>Clock</Clock></EXTERNAL_DEVICE></nodeConfigurationSpan><nodeConfigurationSpan startTimeSeconds="7.2" timeSpanSeconds="0.6"><SimulationController><Clock>Clock</Clock></SimulationController><STREAM><MeasurementConversionTarget>V</MeasurementConversionTarget><Clock>Clock</Clock></STREAM><EXTERNAL_DEVICE><MeasurementConversionTarget>V</MeasurementConversionTarget><Clock>Clock</Clock></EXTERNAL_DEVICE></nodeConfigurationSpan><nodeConfigurationSpan startTimeSeconds="7.8" timeSpanSeconds="0.6"><SimulationController><Clock>Clock</Clock></SimulationController><STREAM><MeasurementConversionTarget>V</MeasurementConversionTarget><Clock>Clock</Clock></STREAM><EXTERNAL_DEVICE><MeasurementConversionTarget>V</MeasurementConversionTarget><Clock>Clock</Clock></EXTERNAL_DEVICE></nodeConfigurationSpan><nodeConfigurationSpan startTimeSeconds="8.4" timeSpanSeconds="0.6"><SimulationController><Clock>Clock</Clock></SimulationController><STREAM><MeasurementConversionTarget>V</MeasurementConversionTarget><Clock>Clock</Clock></STREAM><EXTERNAL_DEVICE><MeasurementConversionTarget>V</MeasurementConversionTarget><Clock>Clock</Clock></EXTERNAL_DEVICE></nodeConfigurationSpan><nodeConfigurationSpan startTimeSeconds="9" timeSpanSeconds="0.6"><SimulationController><Clock>Clock</Clock></SimulationController><STREAM><MeasurementConversionTarget>V</MeasurementConversionTarget><Clock>Clock</Clock></STREAM><EXTERNAL_DEVICE><MeasurementConversionTarget>V</MeasurementConversionTarget><Clock>Clock</Clock></EXTERNAL_DEVICE></nodeConfigurationSpan><nodeConfigurationSpan startTimeSeconds="9.6" timeSpanSeconds="0.4"><SimulationController><Clock>Clock</Clock></SimulationController><STREAM><MeasurementConversionTarget>V</MeasurementConversionTarget><Clock>Clock</Clock></STREAM><EXTERNAL_DEVICE><MeasurementConversionTarget>V</MeasurementConversionTarget><Clock>Clock</Clock></EXTERNAL_DEVICE></nodeConfigurationSpan></nodeConfigurationSpans><data><measurement qty="0" unit="V" /><measurement qty="1" unit="V" /><measurement qty="2" unit="V" /><measurement qty="3" unit="V" /><measurement qty="4" unit="V" /><measurement qty="5" unit="V" /><measurement qty="6" unit="V" /><measurement qty="7" unit="V" /><measurement qty="8" unit="V" /><measurement qty="9" unit="V" /><measurement qty="10" unit="V" /><measurement qty="11" unit="V" /><measurement qty="12" unit="V" /><measurement qty="13" unit="V" /><measurement qty="14" unit="V" /><measurement qty="15" unit="V" /><measurement qty="16" unit="V" /><measurement qty="17" unit="V" /><measurement qty="18" unit="V" /><measurement qty="19" unit="V" /><measurement qty="20" unit="V" /><measurement qty="21" unit="V" /><measurement qty="22" unit="V" /><measurement qty="23" unit="V" /><measurement qty="24" unit="V" /><measurement qty="25" unit="V" /><measurement qty="26" unit="V" /><measurement qty="27" unit="V" /><measurement qty="28" unit="V" /><measurement qty="29" unit="V" /><measurement qty="30" unit="V" /><measurement qty="31" unit="V" /><measurement qty="32" unit="V" /><measurement qty="33" unit="V" /><measurement qty="34" unit="V" /><measurement qty="35" unit="V" /><measurement qty="36" unit="V" /><measurement qty="37" unit="V" /><measurement qty="38" unit="V" /><measurement qty="39" unit="V" /><measurement qty="40" unit="V" /><measurement qty="41" unit="V" /><measurement qty="42" unit="V" /><measurement qty="43" unit="V" /><measurement qty="44" unit="V" /><measurement qty="45" unit="V" /><measurement qty="46" unit="V" /><measurement qty="47" unit="V" /><measurement qty="48" unit="V" /><measurement qty="49" unit="V" /></data></response></responses></epoch></epochGroup></experiment>