<?xml version="1.0" encoding="utf-16"?><experiment><epochGroup label="label1" identifier="a5839fe9-90ef-4e39-bf26-8f75048306f3" startTime="8/22/2011 5:12:00 PM +00:00" timeZoneUTCOffsetHours="-6" source=""><keywords /><properties /><epochGroup label="label2" identifier="a5839fe9-90ef-4e39-bf26-8f75048306f4" startTime="8/22/2011 5:15:00 PM +00:00" timeZoneUTCOffsetHours="-6" source="source"><keywords /><properties /></epochGroup></epochGroup></experiment>